---FyNlDcNp---A--
[08/Jul/2026:14:28:02 +0000] 178352088279.236056 172.22.0.1 58996 172.22.0.3 8443
---FyNlDcNp---B--
GET /rest/products/search?q='%20OR%201=1-- HTTP/1.1
Host: localhost:8443
User-Agent: curl/8.19.0
Accept: */*

---FyNlDcNp---D--

---FyNlDcNp---E--
<html>\x0d\x0a<head><title>403 Forbidden</title></head>\x0d\x0a<body>\x0d\x0a<center><h1>403 Forbidden</h1></center>\x0d\x0a<hr><center>nginx</center>\x0d\x0a</body>\x0d\x0a</html>\x0d\x0a

---FyNlDcNp---F--
HTTP/1.1 403
Server: nginx
Date: Wed, 08 Jul 2026 14:28:02 GMT
Content-Length: 146
Content-Type: text/plain
Access-Control-Allow-Origin: *
Connection: keep-alive
Access-Control-Max-Age: 3600
Access-Control-Allow-Methods: GET, POST, PUT, DELETE, OPTIONS
Access-Control-Allow-Headers: *

---FyNlDcNp---H--
ModSecurity: Warning. detected SQLi using libinjection. [file "/etc/modsecurity.d/owasp-crs/rules/REQUEST-942-APPLICATION-ATTACK-SQLI.conf"] [line "46"] [id "942100"] [rev ""] [msg "SQL Injection Attack Detected via libinjection"] [data "Matched Data: s&1c found within ARGS:q: ' OR 1=1--"] [severity "2"] [ver "OWASP_CRS/4.25.1"] [maturity "0"] [accuracy "0"] [tag "application-multi"] [tag "language-multi"] [tag "platform-multi"] [tag "attack-sqli"] [tag "paranoia-level/1"] [tag "OWASP_CRS"] [tag "OWASP_CRS/ATTACK-SQLI"] [tag "capec/1000/152/248/66"] [hostname "localhost"] [uri "/rest/products/search"] [unique_id "178352088279.236056"] [ref "v28,10"]
ModSecurity: Access denied with code 403 (phase 2). Matched "Operator `Ge' with parameter `5' against variable `TX:BLOCKING_INBOUND_ANOMALY_SCORE' (Value: `5' ) [file "/etc/modsecurity.d/owasp-crs/rules/REQUEST-949-BLOCKING-EVALUATION.conf"] [line "222"] [id "949110"] [rev ""] [msg "Inbound Anomaly Score Exceeded (Total Score: 5)"] [data ""] [severity "0"] [ver "OWASP_CRS/4.25.1"] [maturity "0"] [accuracy "0"] [tag "modsecurity"] [tag "anomaly-evaluation"] [tag "OWASP_CRS"] [hostname "localhost"] [uri "/rest/products/search"] [unique_id "178352088279.236056"] [ref ""]

---FyNlDcNp---I--

---FyNlDcNp---J--

---FyNlDcNp---Z--

